awk: syntax error at source line 1
 context is
	 >>> $3==\ <<< "ai.openclaw.gateway\" {print $1}
awk: bailing out at source line 1
[R1] running 20:54:15Z
[R1] rc=0 wall=141.8201s
[R2] running 20:56:37Z
[R2] rc=0 wall=14.1889s
[R3] running 20:56:51Z
[R3] rc=0 wall=265.4542s
[R4] running 21:01:17Z
[R4] rc=0 wall=667.9147s
[R5] running 21:12:25Z
[R5] rc=0 wall=187.4679s
[R6] running 21:15:33Z
[R6] rc=0 wall=219.5939s
[R7] running 21:19:12Z
[R7] rc=0 wall=30.1913s
[R8] running 21:19:43Z
[R8] rc=0 wall=26.6083s
[R9] running 21:20:09Z
[R9] rc=0 wall=18.9038s
[R10] running 21:20:29Z
[R10] rc=0 wall=24.8659s
[C1] running 21:20:54Z
[C1] rc=0 wall=143.6602s
[C2] running 21:23:17Z
[C2] rc=1 wall=1202.7571s
[C3] running 21:43:21Z
[C3] rc=0 wall=426.3401s
[C4] running 21:50:27Z
[C4] rc=0 wall=482.162s
[C5] running 21:58:29Z
[C5] rc=0 wall=105.2451s
[C6] running 22:00:15Z
[C6] rc=1 wall=1231.0095s
[C7] running 22:20:46Z
[C7] rc=0 wall=155.0451s
[C8] running 22:23:21Z
[C8] rc=0 wall=110.7309s
[G1] running 22:25:12Z
[G1] rc=1 wall=350.6644s
[G2] running 22:31:03Z
[G2] rc=1 wall=561.4206s
[G3] running 22:40:25Z
[G3] rc=1 wall=601.1574s
[G4] running 22:50:26Z
[G4] rc=0 wall=351.2678s
[G5] running 22:56:18Z
[G5] rc=0 wall=707.2862s
[G6] running 23:08:05Z
[G6] rc=1 wall=818.1561s
[G7] running 23:21:44Z
[G7] rc=1 wall=1231.05s
[G8] running 23:42:15Z
[G8] rc=1 wall=667.093s
[G9] running 23:53:22Z
[G9] rc=1 wall=477.7957s
[G10] running 00:01:20Z
[G10] rc=0 wall=214.0845s
[G11] running 00:04:55Z
[G11] rc=0 wall=66.4512s
[G12] running 00:06:01Z
[G12] rc=0 wall=31.1065s
DONE: step11 leg -> /Users/pmains/Code/openclaw/kimi/benchmarks/results/service-step-11/64k
