=== Phase 9G harness: config=coding-cap4 mode=null brackets=10 n_tokens=128 seed=1788029761 ===
    A=workers=1 (frozen)  B=SHAM workers=1 (null: B = A)  cache=4096MiB
=== bracket 1/10 (order: A-after B A-before) ===
env snapshot -> benchmarks/results/phase-09g/session-3/null/coding-cap4/env/b1-before.json
  running workers=1 cache=4096MiB -> benchmarks/results/phase-09g/session-3/null/coding-cap4/b1-A-after
  running workers=1 cache=4096MiB -> benchmarks/results/phase-09g/session-3/null/coding-cap4/b1-B
  running workers=1 cache=4096MiB -> benchmarks/results/phase-09g/session-3/null/coding-cap4/b1-A-before
env snapshot -> benchmarks/results/phase-09g/session-3/null/coding-cap4/env/b1-after.json
=== bracket 2/10 (order: A-before B A-after) ===
env snapshot -> benchmarks/results/phase-09g/session-3/null/coding-cap4/env/b2-before.json
  running workers=1 cache=4096MiB -> benchmarks/results/phase-09g/session-3/null/coding-cap4/b2-A-before
  running workers=1 cache=4096MiB -> benchmarks/results/phase-09g/session-3/null/coding-cap4/b2-B
  running workers=1 cache=4096MiB -> benchmarks/results/phase-09g/session-3/null/coding-cap4/b2-A-after
env snapshot -> benchmarks/results/phase-09g/session-3/null/coding-cap4/env/b2-after.json
=== bracket 3/10 (order: A-before B A-after) ===
env snapshot -> benchmarks/results/phase-09g/session-3/null/coding-cap4/env/b3-before.json
  running workers=1 cache=4096MiB -> benchmarks/results/phase-09g/session-3/null/coding-cap4/b3-A-before
  running workers=1 cache=4096MiB -> benchmarks/results/phase-09g/session-3/null/coding-cap4/b3-B
  running workers=1 cache=4096MiB -> benchmarks/results/phase-09g/session-3/null/coding-cap4/b3-A-after
env snapshot -> benchmarks/results/phase-09g/session-3/null/coding-cap4/env/b3-after.json
=== bracket 4/10 (order: B A-after A-before) ===
env snapshot -> benchmarks/results/phase-09g/session-3/null/coding-cap4/env/b4-before.json
  running workers=1 cache=4096MiB -> benchmarks/results/phase-09g/session-3/null/coding-cap4/b4-B
  running workers=1 cache=4096MiB -> benchmarks/results/phase-09g/session-3/null/coding-cap4/b4-A-after
  running workers=1 cache=4096MiB -> benchmarks/results/phase-09g/session-3/null/coding-cap4/b4-A-before
env snapshot -> benchmarks/results/phase-09g/session-3/null/coding-cap4/env/b4-after.json
=== bracket 5/10 (order: A-before A-after B) ===
env snapshot -> benchmarks/results/phase-09g/session-3/null/coding-cap4/env/b5-before.json
  running workers=1 cache=4096MiB -> benchmarks/results/phase-09g/session-3/null/coding-cap4/b5-A-before
  running workers=1 cache=4096MiB -> benchmarks/results/phase-09g/session-3/null/coding-cap4/b5-A-after
  running workers=1 cache=4096MiB -> benchmarks/results/phase-09g/session-3/null/coding-cap4/b5-B
env snapshot -> benchmarks/results/phase-09g/session-3/null/coding-cap4/env/b5-after.json
=== bracket 6/10 (order: B A-after A-before) ===
env snapshot -> benchmarks/results/phase-09g/session-3/null/coding-cap4/env/b6-before.json
  running workers=1 cache=4096MiB -> benchmarks/results/phase-09g/session-3/null/coding-cap4/b6-B
  running workers=1 cache=4096MiB -> benchmarks/results/phase-09g/session-3/null/coding-cap4/b6-A-after
  running workers=1 cache=4096MiB -> benchmarks/results/phase-09g/session-3/null/coding-cap4/b6-A-before
env snapshot -> benchmarks/results/phase-09g/session-3/null/coding-cap4/env/b6-after.json
=== bracket 7/10 (order: A-before A-after B) ===
env snapshot -> benchmarks/results/phase-09g/session-3/null/coding-cap4/env/b7-before.json
  running workers=1 cache=4096MiB -> benchmarks/results/phase-09g/session-3/null/coding-cap4/b7-A-before
  running workers=1 cache=4096MiB -> benchmarks/results/phase-09g/session-3/null/coding-cap4/b7-A-after
  running workers=1 cache=4096MiB -> benchmarks/results/phase-09g/session-3/null/coding-cap4/b7-B
env snapshot -> benchmarks/results/phase-09g/session-3/null/coding-cap4/env/b7-after.json
=== bracket 8/10 (order: A-before A-after B) ===
env snapshot -> benchmarks/results/phase-09g/session-3/null/coding-cap4/env/b8-before.json
  running workers=1 cache=4096MiB -> benchmarks/results/phase-09g/session-3/null/coding-cap4/b8-A-before
  running workers=1 cache=4096MiB -> benchmarks/results/phase-09g/session-3/null/coding-cap4/b8-A-after
  running workers=1 cache=4096MiB -> benchmarks/results/phase-09g/session-3/null/coding-cap4/b8-B
env snapshot -> benchmarks/results/phase-09g/session-3/null/coding-cap4/env/b8-after.json
=== bracket 9/10 (order: B A-after A-before) ===
env snapshot -> benchmarks/results/phase-09g/session-3/null/coding-cap4/env/b9-before.json
  running workers=1 cache=4096MiB -> benchmarks/results/phase-09g/session-3/null/coding-cap4/b9-B
  running workers=1 cache=4096MiB -> benchmarks/results/phase-09g/session-3/null/coding-cap4/b9-A-after
  running workers=1 cache=4096MiB -> benchmarks/results/phase-09g/session-3/null/coding-cap4/b9-A-before
env snapshot -> benchmarks/results/phase-09g/session-3/null/coding-cap4/env/b9-after.json
=== bracket 10/10 (order: A-after B A-before) ===
env snapshot -> benchmarks/results/phase-09g/session-3/null/coding-cap4/env/b10-before.json
  running workers=1 cache=4096MiB -> benchmarks/results/phase-09g/session-3/null/coding-cap4/b10-A-after
  running workers=1 cache=4096MiB -> benchmarks/results/phase-09g/session-3/null/coding-cap4/b10-B
  running workers=1 cache=4096MiB -> benchmarks/results/phase-09g/session-3/null/coding-cap4/b10-A-before
env snapshot -> benchmarks/results/phase-09g/session-3/null/coding-cap4/env/b10-after.json
harness complete: benchmarks/results/phase-09g/session-3/null/coding-cap4
analyze with: python3 tools/phase09g_analyze.py benchmarks/results/phase-09g/session-3/null
=== Phase 9G harness analysis: coding-cap4 (A=w1 frozen, B=w1 (null: B is sham A)) ===
    bracket order: ['middle', 'middle', 'middle', 'first', 'last', 'first', 'last', 'last', 'first', 'middle'] (recorded seed 1788029761)
bracket | A_before |        B |  A_after |    S_i | A spread
      1 |    5.444 |    5.321 |    5.735 |  0.952 |    5.20%
      2 |    4.795 |    5.105 |    5.121 |  1.030 |    6.57%
      3 |    5.153 |    4.743 |    5.255 |  0.911 |    1.96%
      4 |    5.331 |    5.061 |    5.118 |  0.969 |    4.07%
      5 |    5.310 |    5.406 |    5.143 |  1.034 |    3.18%
      6 |    5.164 |    5.137 |    5.383 |  0.974 |    4.14%
      7 |    5.004 |    5.249 |    4.984 |  1.051 |    0.39%
      8 |    5.202 |    5.080 |    5.241 |  0.973 |    0.75%
      9 |    5.728 |    5.291 |    5.193 |  0.969 |    9.80%
     10 |    5.311 |    5.521 |    5.527 |  1.019 |    3.98%

paired speedup: median 0.973  95% CI [0.960, 1.030]
S by candidate position: first=0.969 (n=3); middle=0.985 (n=4); last=1.034 (n=3)
A-bracket spread: CV 4.4%  |  A mean 5.257 tok/s

null diagnostics (mode=null; reported, not gates):
  median S 0.973  median log S -0.0269
  95% CI of median log S [-0.0403, 0.0294]  sign-test p 0.754  centered_at_1=True

--- checks ---
  [PASS] bracket execution: 10 brackets x 3 runs complete
  [PASS] manifest worker counts: A=1 B=1 (mode=null); bad: none
  [PASS] recorded bracket order matches execution order: all brackets match
  [PASS] paired speedup computed: median S=0.973, per-bracket [0.952, 1.03, 0.911, 0.969, 1.034, 0.974, 1.051, 0.973, 0.969, 1.019]
  [PASS] moe md5 == frozen baseline: baseline=da45ab777b0fdd99be62f6c46a642e5c; bad: none
  [PASS] retr byte-identity across all runs: identical
  [PASS] retr present everywhere: all present
  [PASS] phase07 per-step invariants: 30/30 PASS; bad: none
  [PASS] run.log clean: no error/assert/abort markers
  [PASS] raw artifacts retained: all artifacts in all 30 runs
  [PASS] env covariates captured: 20 snapshots (10 brackets x before/after)
  [PASS] env covariates parseable: 20 snapshots summarized
  [PASS] no position bias (A_before vs A_after): mean delta +0.63% rel, sign test p=0.754
  [PASS] no warmup artifact (first bracket vs rest): first 5.590 vs rest 5.220 tok/s (+7.1% rel)
  [PASS] no strong drift across brackets: slope 0.0086 tok/s per bracket (+0.16% rel/bracket)

overall: HARNESS PASS
wrote benchmarks/results/phase-09g/session-3/null/phase-09g-summary.json
