[P1-r1] running (real path, no --deliver, 64K pinned) 01:10:54Z
[P1-r1] rc=0 wall=75.1665s
[P1-r2] running (real path, no --deliver, 64K pinned) 01:12:09Z
[P1-r2] rc=1 wall=581.8063s
[P1-r3] running (real path, no --deliver, 64K pinned) 01:21:51Z
[P1-r3] rc=0 wall=75.6692s
[P2-r1] running (real path, no --deliver, 64K pinned) 01:23:07Z
[P2-r1] rc=1 wall=715.3299s
[P2-r2] running (real path, no --deliver, 64K pinned) 01:35:02Z
[P2-r2] rc=0 wall=373.4913s
[P2-r3] running (real path, no --deliver, 64K pinned) 01:41:16Z
[P2-r3] rc=0 wall=96.7833s
===== Step 9D real-path per-rep classification =====
P1 P1-r1 rc=0 wall=75.1665 family=terse-wrong instr=FAIL fmt=FAIL res=FAIL leaks=0 | I'll respond with only "PLATANOS! 🌽" as requested.
P1 P1-r2 rc=1 wall=581.8063 family=prose-wrapped instr=INVALID fmt=INVALID res=INVALID leaks=0 | Context overflow: prompt too large for the model. Try /reset (or /new) to start a fresh session, or use a larger-context model.
P1 P1-r3 rc=0 wall=75.6692 family=clarifying instr=FAIL fmt=FAIL res=FAIL leaks=0 | I understand you're asking me to respond only with "PLATANOS!" but I need to clarify - I'm an AI assistant designed to help with the Kimi Linear 48B-A3B streaming inference project on Apple Silicon that you're working on
P2 P2-r1 rc=1 wall=715.3299 family=prose-wrapped instr=INVALID fmt=INVALID res=INVALID leaks=0 | Context overflow: prompt too large for the model. Try /reset (or /new) to start a fresh session, or use a larger-context model.
P2 P2-r2 rc=0 wall=373.4913 family=exact instr=PASS fmt=PASS res=PASS leaks=0 | {"ok": true}
P2 P2-r3 rc=0 wall=96.7833 family=exact instr=PASS fmt=PASS res=PASS leaks=0 | {"ok": true}
----- P1  PASS=0/3  leaky=0  families={'terse-wrong': 1, 'prose-wrapped': 1, 'clarifying': 1}
----- P2  PASS=2/3  leaky=0  families={'prose-wrapped': 1, 'exact': 2}
classified.csv -> /Users/pmains/Code/openclaw/kimi/benchmarks/results/service-step-10/realpath/classified.csv
classified.csv -> /Users/pmains/Code/openclaw/kimi/benchmarks/results/service-step-10/realpath/classified.csv
EXIT=0
