preflight OK: C1a-D/P1 payload byte-identical to frozen 9B (sha 53a44916c9fdb2da)
preflight: gated-line marker count in retained full system text = 1
Step 10 offline: full run: 18 cells x 10 reps
[C0/P1/tdefault] rep 1 wall=2.5s fam=terse-wrong pass=FAIL leaks=0 text='PLATANOS!  \nPLATANOS!  \nPLATANOS!'
[C0/P1/tdefault] rep 2 wall=0.4s fam=exact pass=PASS leaks=0 text='PLATANOS!'
[C0/P1/tdefault] rep 3 wall=0.3s fam=exact pass=PASS leaks=0 text='PLATANOS!'
[C0/P1/tdefault] rep 4 wall=0.3s fam=exact pass=PASS leaks=0 text='PLATANOS!'
[C0/P1/tdefault] rep 5 wall=0.3s fam=terse-wrong pass=FAIL leaks=0 text='PLATANOS'
[C0/P1/tdefault] rep 6 wall=0.4s fam=exact pass=PASS leaks=0 text='PLATANOS!'
[C0/P1/tdefault] rep 7 wall=0.3s fam=terse-wrong pass=FAIL leaks=0 text='PLATANOS'
[C0/P1/tdefault] rep 8 wall=0.3s fam=exact pass=PASS leaks=0 text='PLATANOS!'
[C0/P1/tdefault] rep 9 wall=0.3s fam=terse-wrong pass=FAIL leaks=0 text='PLATANOS'
[C0/P1/tdefault] rep 10 wall=0.3s fam=terse-wrong pass=FAIL leaks=0 text='PLATANOS'
[C1/P1/tdefault] rep 1 wall=13.4s fam=terse-wrong pass=FAIL leaks=2 text='[[reply_to:0]] PLATANOS'
[C1/P1/tdefault] rep 2 wall=1.7s fam=terse-wrong pass=FAIL leaks=0 text='PLATANOS\n\nI\'ll respond only with "PLATANOS" as requested.'
[C1/P1/tdefault] rep 3 wall=0.5s fam=empty/directive-only pass=FAIL leaks=2 text='[[reply_to_current]]'
[C1/P1/tdefault] rep 4 wall=0.4s fam=terse-wrong pass=FAIL leaks=0 text='PLATANOS'
[C1/P1/tdefault] rep 5 wall=0.4s fam=empty/directive-only pass=FAIL leaks=2 text='[[reply_to_current]]'
[C1/P1/tdefault] rep 6 wall=0.3s fam=terse-wrong pass=FAIL leaks=0 text='PLATANOS'
[C1/P1/tdefault] rep 7 wall=0.3s fam=terse-wrong pass=FAIL leaks=0 text='PLATANOS'
[C1/P1/tdefault] rep 8 wall=0.4s fam=empty/directive-only pass=FAIL leaks=2 text='[[reply_to_current]]'
[C1/P1/tdefault] rep 9 wall=0.3s fam=terse-wrong pass=FAIL leaks=0 text='NO_REPLY'
[C1/P1/tdefault] rep 10 wall=1.1s fam=directive-prefixed pass=FAIL leaks=2 text='[[reply_to:]] [[response_type:echo]] PLATANOS'
[C1a-D/P1/tdefault] rep 2 wall=8.3s fam=clarifying pass=FAIL leaks=0 text='I need to understand your request. Could you clarify what you mean by "Respond only PLATANOS!"? Are '
[C1a-D/P1/tdefault] rep 3 wall=0.7s fam=terse-wrong pass=FAIL leaks=0 text='PLATANOS'
[C1a-D/P1/tdefault] rep 4 wall=6.2s fam=clarifying pass=FAIL leaks=0 text='I need to understand what you\'re asking for. Could you please clarify what you mean by "Respond only'
[C1a-D/P1/tdefault] rep 5 wall=1.1s fam=clarifying pass=FAIL leaks=0 text="I don't know what you're asking. Could you clarify?"
[C1a-D/P1/tdefault] rep 6 wall=3.1s fam=prose-wrapped pass=FAIL leaks=0 text='I understand you\'re instructing me to respond only with "PLATANOS!". I will follow your directive.\n\n'
[C1a-D/P1/tdefault] rep 7 wall=4.8s fam=clarifying pass=FAIL leaks=0 text="I need more context to respond appropriately. Could you clarify what you'd like me to respond to wit"
[C1a-D/P1/tdefault] rep 8 wall=6.2s fam=prose-wrapped pass=FAIL leaks=0 text='I need to check the current project state and roadmap to understand what work is authorized. Let me '
[C1a-D/P1/tdefault] rep 9 wall=98.5s fam=clarifying pass=FAIL leaks=0 text='I understand you\'re instructing me to respond only with "PLATANOS!"\n\nHowever, this appears to be a t'
[C1a-D/P1/tdefault] rep 10 wall=1.7s fam=terse-wrong pass=FAIL leaks=0 text='I cannot comply with this request.'
[E2/P1/tdefault] rep 1 wall=157.2s fam=terse-wrong pass=FAIL leaks=0 text='I cannot comply with this request.'
[E2/P1/tdefault] rep 2 wall=0.8s fam=terse-wrong pass=FAIL leaks=0 text='PLATANOS'
[E2/P1/tdefault] rep 3 wall=6.7s fam=directive-prefixed pass=FAIL leaks=1 text='[[audio_as_voice]] PLATANOS: I’m here, Peter. Ready to begin the SSD-backed streaming implementation'
[E2/P1/tdefault] rep 4 wall=1.0s fam=terse-wrong pass=FAIL leaks=0 text='PLATANOS'
[E2/P1/tdefault] rep 5 wall=2.4s fam=prose-wrapped pass=FAIL leaks=0 text='Got it. Only responding with the word "PLATANOS" from now on.'
[E2/P1/tdefault] rep 6 wall=0.5s fam=terse-wrong pass=FAIL leaks=0 text='PLATANOS'
[E2/P1/tdefault] rep 7 wall=14.2s fam=prose-wrapped pass=FAIL leaks=0 text='I understand you\'d like me to respond only with "PLATANOS" - but that doesn\'t appear to be related t'
[E2/P1/tdefault] rep 8 wall=10.5s fam=clarifying pass=FAIL leaks=0 text='I need more context to understand what you\'re asking for. Could you clarify what you mean by "Respon'
[E2/P1/tdefault] rep 9 wall=18.9s fam=clarifying pass=FAIL leaks=0 text='I understand you\'d like me to respond only with "PLATANOS!". However, I need to understand the conte'
[E2/P1/tdefault] rep 10 wall=2.2s fam=terse-wrong pass=FAIL leaks=0 text='Got it. I\'ll respond only with "PLATANOS".'
[E2T/P1/tdefault] rep 1 wall=20.1s fam=prose-wrapped pass=FAIL leaks=0 text='I understand you\'re instructing me to respond only with "PLATANOS!" \n\nI\'m ready to help with any tas'
[E2T/P1/tdefault] rep 2 wall=0.9s fam=terse-wrong pass=FAIL leaks=0 text='PLATANOS'
[E2T/P1/tdefault] rep 3 wall=16.3s fam=clarifying pass=FAIL leaks=0 text='I understand you\'re asking me to respond only with "PLATANOS" - the name of a project management too'
[E2T/P1/tdefault] rep 4 wall=1.1s fam=terse-wrong pass=FAIL leaks=0 text='PLATANOS'
[E2T/P1/tdefault] rep 5 wall=0.5s fam=terse-wrong pass=FAIL leaks=0 text='PLATANOS'
[E2T/P1/tdefault] rep 6 wall=14.1s fam=clarifying pass=FAIL leaks=0 text='PLATANOS\n\nI need more context to help you with the Kimi Linear 48B-A3B streaming inference project. '
[E2T/P1/tdefault] rep 7 wall=2.7s fam=terse-wrong pass=FAIL leaks=0 text='PLATANOS'
[E2T/P1/tdefault] rep 8 wall=5.2s fam=terse-wrong pass=FAIL leaks=0 text="I'll respond only with PLATANOS."
[E2T/P1/tdefault] rep 9 wall=0.7s fam=terse-wrong pass=FAIL leaks=0 text='PLATANOS'
[E2T/P1/tdefault] rep 10 wall=14.5s fam=clarifying pass=FAIL leaks=0 text='I understand you\'re asking me to respond only with "PLATANOS!" but I need to understand the context.'
[C0/P1/t0.0] rep 2 wall=0.9s fam=terse-wrong pass=FAIL leaks=0 text='PLATANOS'
[C0/P1/t0.0] rep 3 wall=0.3s fam=terse-wrong pass=FAIL leaks=0 text='PLATANOS'
[C0/P1/t0.0] rep 4 wall=0.3s fam=terse-wrong pass=FAIL leaks=0 text='PLATANOS'
[C0/P1/t0.0] rep 5 wall=0.3s fam=terse-wrong pass=FAIL leaks=0 text='PLATANOS'
[C0/P1/t0.0] rep 6 wall=0.4s fam=terse-wrong pass=FAIL leaks=0 text='PLATANOS'
[C0/P1/t0.0] rep 7 wall=0.4s fam=terse-wrong pass=FAIL leaks=0 text='PLATANOS'
[C0/P1/t0.0] rep 8 wall=0.4s fam=terse-wrong pass=FAIL leaks=0 text='PLATANOS'
[C0/P1/t0.0] rep 9 wall=0.4s fam=terse-wrong pass=FAIL leaks=0 text='PLATANOS'
[C0/P1/t0.0] rep 10 wall=0.4s fam=terse-wrong pass=FAIL leaks=0 text='PLATANOS'
[C0/P1/t1.6] rep 1 wall=0.4s fam=exact pass=PASS leaks=0 text='PLATANOS!'
[C0/P1/t1.6] rep 2 wall=1.8s fam=terse-wrong pass=FAIL leaks=0 text='PLATANOS! 🍌🌿🤸\u200d♂️💃'
[C0/P1/t1.6] rep 3 wall=0.3s fam=terse-wrong pass=FAIL leaks=0 text='PLATANOS'
[C0/P1/t1.6] rep 4 wall=1.0s fam=terse-wrong pass=FAIL leaks=0 text='PLATANOS PLATANOS PLATANOS!'
[C0/P1/t1.6] rep 5 wall=0.4s fam=terse-wrong pass=FAIL leaks=0 text='PLATANOS'
[C0/P1/t1.6] rep 6 wall=3.0s fam=prose-wrapped pass=FAIL leaks=0 text='PLATANOS PLATANOS PLATANOS PLATANOS PLATANOS PLATANOS PLATANOS PLATANOS PLATANOS PLATANOS'
[C0/P1/t1.6] rep 7 wall=0.4s fam=exact pass=PASS leaks=0 text='PLATANOS!'
[C0/P1/t1.6] rep 8 wall=0.4s fam=terse-wrong pass=FAIL leaks=0 text='PLATANOS'
[C0/P1/t1.6] rep 9 wall=0.9s fam=terse-wrong pass=FAIL leaks=0 text='PLATANOS! 🍌💛'
[C0/P1/t1.6] rep 10 wall=0.4s fam=terse-wrong pass=FAIL leaks=0 text='PLATANOS'
[E2/P1/t0.0] rep 2 wall=0.6s fam=terse-wrong pass=FAIL leaks=0 text='PLATANOS'
[E2/P1/t0.0] rep 3 wall=0.4s fam=terse-wrong pass=FAIL leaks=0 text='PLATANOS'
[E2/P1/t0.0] rep 4 wall=0.4s fam=terse-wrong pass=FAIL leaks=0 text='PLATANOS'
[E2/P1/t0.0] rep 5 wall=0.5s fam=terse-wrong pass=FAIL leaks=0 text='PLATANOS'
[E2/P1/t0.0] rep 6 wall=0.5s fam=terse-wrong pass=FAIL leaks=0 text='PLATANOS'
[E2/P1/t0.0] rep 7 wall=0.5s fam=terse-wrong pass=FAIL leaks=0 text='PLATANOS'
[E2/P1/t0.0] rep 8 wall=0.5s fam=terse-wrong pass=FAIL leaks=0 text='PLATANOS'
[E2/P1/t0.0] rep 9 wall=0.5s fam=terse-wrong pass=FAIL leaks=0 text='PLATANOS'
[E2/P1/t0.0] rep 10 wall=0.4s fam=terse-wrong pass=FAIL leaks=0 text='PLATANOS'
[E2/P1/t1.6] rep 1 wall=1.5s fam=terse-wrong pass=FAIL leaks=0 text='I cannot comply with this request.'
[E2/P1/t1.6] rep 2 wall=15.4s fam=clarifying pass=FAIL leaks=0 text='I understand you\'re asking me to respond only with "PLATANOS". However, I need to understand the con'
[E2/P1/t1.6] rep 3 wall=7.8s fam=clarifying pass=FAIL leaks=0 text="I need to respond to your message but it looks like you've sent a string that isn't readable. Could "
[E2/P1/t1.6] rep 4 wall=1.2s fam=terse-wrong pass=FAIL leaks=0 text='**Response only PLATANOS.**'
[E2/P1/t1.6] rep 5 wall=1.4s fam=terse-wrong pass=FAIL leaks=0 text='Got it. I’ll respond only with PLATANOS.'
[E2/P1/t1.6] rep 6 wall=0.5s fam=terse-wrong pass=FAIL leaks=0 text='PLATANOS'
[E2/P1/t1.6] rep 7 wall=21.2s fam=prose-wrapped pass=FAIL leaks=0 text='The user wants me to respond only with the word "PLATANOS".\n\nI must follow the OpenClaw instructions'
[E2/P1/t1.6] rep 8 wall=1.9s fam=terse-wrong pass=FAIL leaks=0 text='PLATANOS'
[E2/P1/t1.6] rep 9 wall=2.2s fam=prose-wrapped pass=FAIL leaks=0 text='I\'ll only reply with "PLATANOS" as requested. No other content or explanations.'
[E2/P1/t1.6] rep 10 wall=1.6s fam=terse-wrong pass=FAIL leaks=0 text='read progress/phase-09-r2-p1-report.md'
[C0/P2/tdefault] rep 1 wall=2.2s fam=exact pass=PASS leaks=0 text='{"ok": true}'
[C0/P2/tdefault] rep 2 wall=0.4s fam=exact pass=PASS leaks=0 text='{"ok": true}'
[C0/P2/tdefault] rep 3 wall=0.4s fam=exact pass=PASS leaks=0 text='{"ok": true}'
[C0/P2/tdefault] rep 4 wall=0.4s fam=exact pass=PASS leaks=0 text='{"ok": true}'
[C0/P2/tdefault] rep 5 wall=0.4s fam=exact pass=PASS leaks=0 text='{"ok": true}'
[C0/P2/tdefault] rep 6 wall=0.5s fam=exact pass=PASS leaks=0 text='{"ok": true}'
[C0/P2/tdefault] rep 7 wall=0.9s fam=exact pass=PASS leaks=0 text='{"ok": true}'
[C0/P2/tdefault] rep 8 wall=0.6s fam=exact pass=PASS leaks=0 text='{"ok": true}'
[C0/P2/tdefault] rep 9 wall=0.5s fam=exact pass=PASS leaks=0 text='{"ok": true}'
[C0/P2/tdefault] rep 10 wall=0.5s fam=exact pass=PASS leaks=0 text='{"ok": true}'
[C1/P2/tdefault] rep 1 wall=150.4s fam=exact pass=PASS leaks=0 text='{"ok": true}'
[C1/P2/tdefault] rep 2 wall=0.6s fam=exact pass=PASS leaks=0 text='{"ok": true}'
[C1/P2/tdefault] rep 3 wall=0.7s fam=exact pass=PASS leaks=0 text='{"ok": true}'
[C1/P2/tdefault] rep 4 wall=0.7s fam=exact pass=PASS leaks=0 text='{"ok": true}'
[C1/P2/tdefault] rep 5 wall=0.6s fam=exact pass=PASS leaks=0 text='{"ok": true}'
[C1/P2/tdefault] rep 6 wall=1.3s fam=directive-prefixed pass=FAIL leaks=2 text='[[reply_to_current]]{"ok": true}'
[C1/P2/tdefault] rep 7 wall=0.5s fam=exact pass=PASS leaks=0 text='{"ok": true}'
[C1/P2/tdefault] rep 8 wall=1.2s fam=terse-wrong pass=FAIL leaks=0 text='```json\n{"ok": true}\n```'
[C1/P2/tdefault] rep 9 wall=0.7s fam=exact pass=PASS leaks=0 text='{"ok": true}'
[C1/P2/tdefault] rep 10 wall=0.6s fam=exact pass=PASS leaks=0 text='{"ok": true}'
[C1a-D/P2/tdefault] rep 1 wall=13.8s fam=exact pass=PASS leaks=0 text='{"ok": true}'
[C1a-D/P2/tdefault] rep 2 wall=0.5s fam=exact pass=PASS leaks=0 text='{"ok": true}'
[C1a-D/P2/tdefault] rep 3 wall=1.2s fam=terse-wrong pass=FAIL leaks=0 text='```json\n{"ok": true}\n```'
[C1a-D/P2/tdefault] rep 4 wall=0.6s fam=exact pass=PASS leaks=0 text='{"ok": true}'
[C1a-D/P2/tdefault] rep 5 wall=0.6s fam=exact pass=PASS leaks=0 text='{"ok": true}'
[C1a-D/P2/tdefault] rep 6 wall=0.6s fam=exact pass=PASS leaks=0 text='{"ok": true}'
[C1a-D/P2/tdefault] rep 7 wall=1.0s fam=terse-wrong pass=FAIL leaks=0 text='```json\n{"ok":true}\n```'
[C1a-D/P2/tdefault] rep 8 wall=0.9s fam=terse-wrong pass=FAIL leaks=0 text='```json\n{"ok": true}\n```'
[C1a-D/P2/tdefault] rep 9 wall=0.6s fam=exact pass=PASS leaks=0 text='{"ok": true}'
[C1a-D/P2/tdefault] rep 10 wall=1.0s fam=terse-wrong pass=FAIL leaks=0 text='```json\n{"ok": true}\n```'
[E2/P2/tdefault] rep 2 wall=130.6s fam=exact pass=PASS leaks=0 text='{"ok": true}'
[E2/P2/tdefault] rep 3 wall=0.4s fam=exact pass=PASS leaks=0 text='{"ok": true}'
[E2/P2/tdefault] rep 4 wall=0.5s fam=exact pass=PASS leaks=0 text='{"ok": true}'
[E2/P2/tdefault] rep 5 wall=0.6s fam=exact pass=PASS leaks=0 text='{"ok": true}'
[E2/P2/tdefault] rep 6 wall=1.3s fam=terse-wrong pass=FAIL leaks=0 text='```json\n{"ok": true}\n```'
[E2/P2/tdefault] rep 7 wall=0.5s fam=exact pass=PASS leaks=0 text='{"ok": true}'
[E2/P2/tdefault] rep 8 wall=0.5s fam=exact pass=PASS leaks=0 text='{"ok": true}'
[E2/P2/tdefault] rep 9 wall=0.6s fam=exact pass=PASS leaks=0 text='{"ok": true}'
[E2/P2/tdefault] rep 10 wall=0.9s fam=terse-wrong pass=FAIL leaks=0 text='```json\n{"ok":true}\n```'
[E2T/P2/tdefault] rep 2 wall=14.1s fam=exact pass=PASS leaks=0 text='{"ok": true}'
[E2T/P2/tdefault] rep 3 wall=1.3s fam=terse-wrong pass=FAIL leaks=0 text='```json\n{"ok": true}\n```'
[E2T/P2/tdefault] rep 4 wall=0.9s fam=terse-wrong pass=FAIL leaks=0 text='```json\n{"ok": true}\n```'
[E2T/P2/tdefault] rep 5 wall=10.1s fam=prose-wrapped pass=FAIL leaks=0 text='I need to analyze the project context and understand the current state of the Kimi Linear 48B-A3B st'
[E2T/P2/tdefault] rep 6 wall=0.9s fam=exact pass=PASS leaks=0 text='{"ok": true}'
[E2T/P2/tdefault] rep 7 wall=0.6s fam=exact pass=PASS leaks=0 text='{"ok": true}'
[E2T/P2/tdefault] rep 8 wall=30.4s fam=prose-wrapped pass=FAIL leaks=0 text='I\'ll respond with exactly one JSON object: {"ok": true}.'
[E2T/P2/tdefault] rep 9 wall=1.4s fam=terse-wrong pass=FAIL leaks=0 text='```json\n{"ok": true}\n```'
[E2T/P2/tdefault] rep 10 wall=0.6s fam=exact pass=PASS leaks=0 text='{"ok": true}'
[C0/P2/t0.0] rep 1 wall=0.7s fam=exact pass=PASS leaks=0 text='{"ok": true}'
[C0/P2/t0.0] rep 2 wall=0.4s fam=exact pass=PASS leaks=0 text='{"ok": true}'
[C0/P2/t0.0] rep 3 wall=0.5s fam=exact pass=PASS leaks=0 text='{"ok": true}'
[C0/P2/t0.0] rep 4 wall=0.5s fam=exact pass=PASS leaks=0 text='{"ok": true}'
[C0/P2/t0.0] rep 5 wall=0.5s fam=exact pass=PASS leaks=0 text='{"ok": true}'
[C0/P2/t0.0] rep 6 wall=0.5s fam=exact pass=PASS leaks=0 text='{"ok": true}'
[C0/P2/t0.0] rep 7 wall=0.5s fam=exact pass=PASS leaks=0 text='{"ok": true}'
[C0/P2/t0.0] rep 8 wall=0.4s fam=exact pass=PASS leaks=0 text='{"ok": true}'
[C0/P2/t0.0] rep 9 wall=0.4s fam=exact pass=PASS leaks=0 text='{"ok": true}'
[C0/P2/t0.0] rep 10 wall=0.4s fam=exact pass=PASS leaks=0 text='{"ok": true}'
[C0/P2/t1.6] rep 1 wall=0.4s fam=exact pass=PASS leaks=0 text='{"ok": true}'
[C0/P2/t1.6] rep 2 wall=0.5s fam=exact pass=PASS leaks=0 text='{"ok": true}'
[C0/P2/t1.6] rep 3 wall=0.5s fam=exact pass=PASS leaks=0 text='{"ok":true}'
[C0/P2/t1.6] rep 4 wall=0.5s fam=exact pass=PASS leaks=0 text='{"ok": true}'
[C0/P2/t1.6] rep 5 wall=0.5s fam=exact pass=PASS leaks=0 text='{"ok": true}'
[C0/P2/t1.6] rep 6 wall=0.8s fam=exact pass=PASS leaks=0 text='{"ok": true}'
[C0/P2/t1.6] rep 7 wall=0.8s fam=exact pass=PASS leaks=0 text='{"ok": true}'
[C0/P2/t1.6] rep 8 wall=0.6s fam=exact pass=PASS leaks=0 text='{"ok": true}'
[C0/P2/t1.6] rep 9 wall=0.5s fam=exact pass=PASS leaks=0 text='{"ok": true}'
[C0/P2/t1.6] rep 10 wall=0.5s fam=exact pass=PASS leaks=0 text='{"ok": true}'
[E2/P2/t0.0] rep 1 wall=0.7s fam=exact pass=PASS leaks=0 text='{"ok": true}'
[E2/P2/t0.0] rep 2 wall=0.6s fam=exact pass=PASS leaks=0 text='{"ok": true}'
[E2/P2/t0.0] rep 3 wall=0.6s fam=exact pass=PASS leaks=0 text='{"ok": true}'
[E2/P2/t0.0] rep 4 wall=0.6s fam=exact pass=PASS leaks=0 text='{"ok": true}'
[E2/P2/t0.0] rep 5 wall=0.6s fam=exact pass=PASS leaks=0 text='{"ok": true}'
[E2/P2/t0.0] rep 6 wall=0.6s fam=exact pass=PASS leaks=0 text='{"ok": true}'
[E2/P2/t0.0] rep 7 wall=0.6s fam=exact pass=PASS leaks=0 text='{"ok": true}'
[E2/P2/t0.0] rep 8 wall=0.6s fam=exact pass=PASS leaks=0 text='{"ok": true}'
[E2/P2/t0.0] rep 9 wall=0.6s fam=exact pass=PASS leaks=0 text='{"ok": true}'
[E2/P2/t0.0] rep 10 wall=0.6s fam=exact pass=PASS leaks=0 text='{"ok": true}'
[E2/P2/t1.6] rep 1 wall=1.0s fam=terse-wrong pass=FAIL leaks=0 text='```json\n{"ok": true}\n```'
[E2/P2/t1.6] rep 2 wall=0.6s fam=exact pass=PASS leaks=0 text='{"ok": true}'
[E2/P2/t1.6] rep 3 wall=0.6s fam=exact pass=PASS leaks=0 text='{"ok": true}'
[E2/P2/t1.6] rep 4 wall=0.6s fam=exact pass=PASS leaks=0 text='{"ok": true}'
[E2/P2/t1.6] rep 5 wall=1.0s fam=terse-wrong pass=FAIL leaks=0 text='```json\n{"ok": true}\n```'
[E2/P2/t1.6] rep 6 wall=0.6s fam=exact pass=PASS leaks=0 text='{"ok": true}'
[E2/P2/t1.6] rep 7 wall=1.0s fam=terse-wrong pass=FAIL leaks=0 text='```json\n{"ok": true}\n```'
[E2/P2/t1.6] rep 8 wall=0.6s fam=exact pass=PASS leaks=0 text='{"ok": true}'
[E2/P2/t1.6] rep 9 wall=0.6s fam=exact pass=PASS leaks=0 text='{"ok": true}'
[E2/P2/t1.6] rep 10 wall=1.0s fam=terse-wrong pass=FAIL leaks=0 text='```json\n{"ok": true}\n```'
rows: 180 -> /Users/pmains/Code/openclaw/kimi/benchmarks/results/service-step-10/offline/offline-classified.csv
C0       P1 0.0     0/10   [0.0,0.278]          {'terse-wrong': 10}
C0       P1 1.6     2/10   [0.057,0.51]         {'exact': 2, 'terse-wrong': 7, 'prose-wrapped': 1}
C0       P1 default 5/10   [0.237,0.763]        {'terse-wrong': 5, 'exact': 5}
C0       P2 0.0     10/10  [0.722,1.0]          {'exact': 10}
C0       P2 1.6     10/10  [0.722,1.0]          {'exact': 10}
C0       P2 default 10/10  [0.722,1.0]          {'exact': 10}
C1       P1 default 0/10   [0.0,0.278]          {'terse-wrong': 6, 'empty/directive-only': 3, 'directive-prefixed': 1}
C1       P2 default 8/10   [0.49,0.943]         {'exact': 8, 'directive-prefixed': 1, 'terse-wrong': 1}
C1a-D    P1 default 0/10   [0.0,0.278]          {'clarifying': 6, 'terse-wrong': 2, 'prose-wrapped': 2}
C1a-D    P2 default 6/10   [0.313,0.832]        {'exact': 6, 'terse-wrong': 4}
E2       P1 0.0     0/10   [0.0,0.278]          {'terse-wrong': 10}
E2       P1 1.6     0/10   [0.0,0.278]          {'terse-wrong': 6, 'clarifying': 2, 'prose-wrapped': 2}
E2       P1 default 0/10   [0.0,0.278]          {'terse-wrong': 5, 'directive-prefixed': 1, 'prose-wrapped': 2, 'clarifying': 2}
E2       P2 0.0     10/10  [0.722,1.0]          {'exact': 10}
E2       P2 1.6     6/10   [0.313,0.832]        {'terse-wrong': 4, 'exact': 6}
E2       P2 default 8/10   [0.49,0.943]         {'exact': 8, 'terse-wrong': 2}
E2T      P1 default 0/10   [0.0,0.278]          {'prose-wrapped': 1, 'terse-wrong': 6, 'clarifying': 3}
E2T      P2 default 5/10   [0.237,0.763]        {'exact': 5, 'terse-wrong': 3, 'prose-wrapped': 2}
DONE: 180 rows -> /Users/pmains/Code/openclaw/kimi/benchmarks/results/service-step-10/offline
EXIT=0
