[05:36:01Z] stopping launchd 64K job for temp 128K leg
[05:36:07Z] starting temp 128K server (ctx 131072, expert cache 4096MB)
[05:37:40Z] temp 128K server ready (pid 32505)
[128k/P1-r1] running (real path, no --deliver) 05:37:40Z
[128k/P1-r1] rc=1 wall=5.956s
[128k/P1-r2] running (real path, no --deliver) 05:37:47Z
[128k/P1-r2] rc=1 wall=2.285s
[128k/P1-r3] running (real path, no --deliver) 05:37:49Z
[128k/P1-r3] rc=1 wall=2.353s
[128k/P1-r4] running (real path, no --deliver) 05:37:51Z
[128k/P1-r4] rc=1 wall=2.0665s
[128k/P1-r5] running (real path, no --deliver) 05:37:54Z
[128k/P1-r5] rc=1 wall=2.1874s
[128k/P1-r6] running (real path, no --deliver) 05:37:56Z
[128k/P1-r6] rc=1 wall=2.0069s
[128k/P2-r1] running (real path, no --deliver) 05:37:58Z
[128k/P2-r1] rc=1 wall=1.9888s
[128k/P2-r2] running (real path, no --deliver) 05:38:00Z
[128k/P2-r2] rc=1 wall=2.0898s
[128k/P2-r3] running (real path, no --deliver) 05:38:02Z
[128k/P2-r3] rc=1 wall=1.998s
[128k/P2-r4] running (real path, no --deliver) 05:38:04Z
[128k/P2-r4] rc=1 wall=1.9561s
[128k/P2-r5] running (real path, no --deliver) 05:38:06Z
[128k/P2-r5] rc=1 wall=2.0577s
[128k/P2-r6] running (real path, no --deliver) 05:38:09Z
[128k/P2-r6] rc=1 wall=2.0477s
[05:38:11Z] stopping temp 128K server; restoring launchd 64K
tools/service_step10a_leg.sh: line 153: 32505 Abort trap: 6           KIMI_CTX=131072 KIMI_EXPERT_CACHE_MB="${KIMI_EXPERT_CACHE_MB:-8192}" KIMI_EXPERT_READ_WORKERS=4 KIMI_STREAM_METAL_STAGE=1 KIMI_STREAM_E2_DIRECT_PLACE=1 KIMI_STREAM_STATS_FILE="$OUT/stats.csv" KIMI_STREAM_RETR_FILE="$OUT/retr.csv" KIMI_STREAM_MEM_FILE="$OUT/mem.csv" KIMI_STREAM_CACHE_LAYERS_FILE="$OUT/cache_layers.csv" "$BIN" -m "$MODEL" -ngl 999 --no-mmap --ctx-size 131072 --host 127.0.0.1 --port 18080 --parallel 1 --slot-save-path "$SLOT_DIR" >> "$LLAMA_LOG_TMP" 2>&1
[05:38:30Z] 64K launchd server restored and verified
DONE: 128k leg -> /Users/pmains/Code/openclaw/kimi/benchmarks/results/service-step-10a/128k
[05:38:30Z] EXIT trap: restoring launchd 64K server
[05:38:33Z] trap restore n_ctx=65536
LEG128_RETRY2_EXIT=0
