[05:27:42Z] stopping launchd 64K job for temp 128K leg
[05:27:47Z] starting temp 128K server (ctx 131072)
[05:29:26Z] temp 128K server ready (pid 31286)
awk: syntax error at source line 1
 context is
	 >>> $3==\ <<< "ai.openclaw.gateway\" {print $1}
awk: bailing out at source line 1
awk: syntax error at source line 1
 context is
	 >>> $3==\ <<< "ai.openclaw.gateway\" {print $1}
awk: bailing out at source line 1
[128k/P1-r1] running (real path, no --deliver) 05:29:26Z
[128k/P1-r1] rc=1 wall=4.0956s
[128k/P1-r2] running (real path, no --deliver) 05:29:31Z
[128k/P1-r2] rc=1 wall=1.8814s
[128k/P1-r3] running (real path, no --deliver) 05:29:33Z
[128k/P1-r3] rc=1 wall=1.8554s
[128k/P1-r4] running (real path, no --deliver) 05:29:35Z
[128k/P1-r4] rc=1 wall=1.8526s
[128k/P1-r5] running (real path, no --deliver) 05:29:37Z
[128k/P1-r5] rc=1 wall=2.0947s
[128k/P1-r6] running (real path, no --deliver) 05:29:39Z
[128k/P1-r6] rc=1 wall=1.93s
[128k/P2-r1] running (real path, no --deliver) 05:29:41Z
[128k/P2-r1] rc=1 wall=1.9268s
[128k/P2-r2] running (real path, no --deliver) 05:29:43Z
[128k/P2-r2] rc=1 wall=2.3449s
[128k/P2-r3] running (real path, no --deliver) 05:29:45Z
[128k/P2-r3] rc=1 wall=2.1541s
[128k/P2-r4] running (real path, no --deliver) 05:29:48Z
[128k/P2-r4] rc=1 wall=1.9837s
[128k/P2-r5] running (real path, no --deliver) 05:29:50Z
[128k/P2-r5] rc=1 wall=2.025s
[128k/P2-r6] running (real path, no --deliver) 05:29:52Z
[128k/P2-r6] rc=1 wall=1.9459s
[05:29:54Z] stopping temp 128K server; restoring launchd 64K
tools/service_step10a_leg.sh: line 153: 31286 Abort trap: 6           KIMI_CTX=131072 KIMI_EXPERT_CACHE_MB=8192 KIMI_EXPERT_READ_WORKERS=4 KIMI_STREAM_METAL_STAGE=1 KIMI_STREAM_E2_DIRECT_PLACE=1 KIMI_STREAM_STATS_FILE="$OUT/stats.csv" KIMI_STREAM_RETR_FILE="$OUT/retr.csv" KIMI_STREAM_MEM_FILE="$OUT/mem.csv" KIMI_STREAM_CACHE_LAYERS_FILE="$OUT/cache_layers.csv" "$BIN" -m "$MODEL" -ngl 999 --no-mmap --ctx-size 131072 --host 127.0.0.1 --port 18080 --parallel 1 --slot-save-path "$SLOT_DIR" >> "$LLAMA_LOG_TMP" 2>&1
[05:30:16Z] 64K launchd server restored and verified
DONE: 128k leg -> /Users/pmains/Code/openclaw/kimi/benchmarks/results/service-step-10a/128k
[05:30:16Z] EXIT trap: restoring launchd 64K server
[05:30:18Z] trap restore n_ctx=65536
LEG128_EXIT=0
