awk: syntax error at source line 1
 context is
	 >>> $3==\ <<< "ai.openclaw.gateway\" {print $1}
awk: bailing out at source line 1
awk: syntax error at source line 1
 context is
	 >>> $3==\ <<< "ai.openclaw.gateway\" {print $1}
awk: bailing out at source line 1
[64k/P1-r1] running (real path, no --deliver) 04:33:46Z
[64k/P1-r1] rc=0 wall=42.5524s
[64k/P1-r2] running (real path, no --deliver) 04:34:28Z
[64k/P1-r2] rc=0 wall=26.8347s
[64k/P1-r3] running (real path, no --deliver) 04:34:55Z
[64k/P1-r3] rc=0 wall=70.7212s
[64k/P1-r4] running (real path, no --deliver) 04:36:06Z
[64k/P1-r4] rc=0 wall=67.5984s
[64k/P1-r5] running (real path, no --deliver) 04:37:14Z
[64k/P1-r5] rc=0 wall=110.0664s
[64k/P1-r6] running (real path, no --deliver) 04:39:05Z
[64k/P1-r6] rc=0 wall=127.6023s
[64k/P2-r1] running (real path, no --deliver) 04:41:13Z
[64k/P2-r1] rc=0 wall=316.693s
[64k/P2-r2] running (real path, no --deliver) 04:46:36Z
[64k/P2-r2] rc=0 wall=153.9814s
[64k/P2-r3] running (real path, no --deliver) 04:49:15Z
[64k/P2-r3] rc=0 wall=133.4194s
[64k/P2-r4] running (real path, no --deliver) 04:51:29Z
[64k/P2-r4] rc=0 wall=87.6208s
[64k/P2-r5] running (real path, no --deliver) 04:52:57Z
[64k/P2-r5] rc=0 wall=90.8053s
[64k/P2-r6] running (real path, no --deliver) 04:54:28Z
[64k/P2-r6] rc=0 wall=69.5896s
DONE: 64k leg -> /Users/pmains/Code/openclaw/kimi/benchmarks/results/service-step-10a/64k
LEG64_EXIT=0
