[2026-09-07 18:45:26 -0700] --- preflight ---
[2026-09-07 18:45:26 -0700] --- preflight recorded ---
[2026-09-07 18:45:26 -0700] === smoke start (agent=kimi timeout=600s) 2026-09-08T01:45:26Z ===
[2026-09-07 18:45:51 -0700] [smoke] rc=0 wall=24.3842s
[2026-09-07 18:45:51 -0700] === p2 start (agent=kimi timeout=600s) 2026-09-08T01:45:51Z ===
[2026-09-07 18:46:06 -0700] [p2] rc=0 wall=15.2476s
[2026-09-07 18:46:06 -0700] === p3 start (agent=kimi timeout=600s) 2026-09-08T01:46:06Z ===
[2026-09-07 18:46:25 -0700] [p3] rc=0 wall=19.1335s
[2026-09-07 18:46:25 -0700] === p5 start (agent=kimi timeout=600s) 2026-09-08T01:46:25Z ===
[2026-09-07 18:47:29 -0700] [p5] rc=0 wall=63.7498s
[2026-09-07 18:47:29 -0700] === norm start (agent=kimi timeout=600s) 2026-09-08T01:47:29Z ===
[2026-09-07 18:57:37 -0700] [norm] rc=1 wall=602.8608s
[2026-09-07 18:57:37 -0700] === loop start (agent=kimi timeout=600s) 2026-09-08T01:57:37Z ===
[2026-09-07 19:03:34 -0700] [loop] rc=0 wall=351.0325s
[2026-09-07 19:03:34 -0700] === storage start (agent=kimi timeout=600s) 2026-09-08T02:03:34Z ===
[2026-09-07 19:04:39 -0700] [storage] rc=0 wall=65.3548s
[2026-09-07 19:04:39 -0700] --- gates ---
[2026-09-07 19:04:42 -0700] --- final verify ---
[2026-09-07 19:04:42 -0700] === 13F driver exit 1 ===
[2026-09-07 19:18:14 -0700] --- preflight ---
[2026-09-07 19:18:15 -0700] --- preflight recorded ---
[2026-09-07 19:18:15 -0700] [smoke] cached
[2026-09-07 19:18:15 -0700] [p2] cached
[2026-09-07 19:18:15 -0700] [p3] cached
[2026-09-07 19:18:15 -0700] [p5] cached
[2026-09-07 19:18:15 -0700] === norm start (agent=kimi timeout=1500s) 2026-09-08T02:18:15Z ===
[2026-09-07 19:24:27 -0700] [norm] rc=0 wall=372.1569s
[2026-09-07 19:24:27 -0700] [loop] cached
[2026-09-07 19:24:27 -0700] === storage start (agent=kimi timeout=600s) 2026-09-08T02:24:27Z ===
[2026-09-07 19:34:35 -0700] [storage] rc=1 wall=602.9859s
[2026-09-07 19:34:35 -0700] --- gates ---
[2026-09-07 19:34:37 -0700] --- final verify ---
[2026-09-07 19:34:38 -0700] === 13F driver exit 0 ===
[2026-09-07 19:35:44 -0700] --- preflight ---
[2026-09-07 19:35:45 -0700] --- preflight recorded ---
[2026-09-07 19:35:45 -0700] [smoke] cached
[2026-09-07 19:35:45 -0700] [p2] cached
[2026-09-07 19:35:45 -0700] [p3] cached
[2026-09-07 19:35:45 -0700] [p5] cached
[2026-09-07 19:35:45 -0700] [norm] cached
[2026-09-07 19:35:45 -0700] [loop] cached
[2026-09-07 19:35:45 -0700] === storage start (agent=kimi timeout=1500s) 2026-09-08T02:35:45Z ===
[2026-09-07 19:36:06 -0700] [storage] rc=0 wall=20.4451s
[2026-09-07 19:36:06 -0700] --- gates ---
[2026-09-07 19:36:08 -0700] --- final verify ---
[2026-09-07 19:36:08 -0700] === 13F driver exit 0 ===
