[R1/P4] rep1 wall=69.8s fam=prose-wrapped pass=False text="I'll read the TOOLS.md file to find the default port for the Kimi server."
[R1/P4] rep2 wall=12.4s fam=prose-wrapped pass=False text='Looking at the TOOLS.md file, I can see the port configuration for the live Kimi'
[R1/P4] rep3 wall=5.6s fam=prose-wrapped pass=False text="I'll read the TOOLS.md file to find the default port for the Kimi server."
[R1/P5] rep1 wall=32.0s fam=exact pass=True text='Based on the directory listing, there are **5 files** in benchmarks/prompts/ who'
[R1/P5] rep2 wall=10.1s fam=exact pass=True text='Based on my search, there are **5** files directly inside benchmarks/prompts/ wh'
[R1/P5] rep3 wall=13.3s fam=exact pass=True text="Based on the listing, there are 5 files in benchmarks/prompts/ that contain 'e5'"
[R1/P7] rep1 wall=21.4s fam=prose-wrapped pass=False text="Based on the current UTC date of 2026-09-04, here's a complete sentence with tha"
[R1/P7] rep2 wall=1.7s fam=terse-wrong pass=False text='The current UTC date is 2026-09-04 COMPLETE'
[R1/P7] rep3 wall=7.7s fam=prose-wrapped pass=False text='The current UTC date is 2026-09-04. The project is to build a routing-aware, SSD'
[R1/P6] rep1 wall=33.4s fam=prose-wrapped pass=False text="I've successfully completed both steps in the specified directory:\n\n1. Created a"
[R1/P6] rep2 wall=7.0s fam=prose-wrapped pass=False text='Done. I created the file `probe.txt` with the exact content `hello step9` in the'
[R1/P6] rep3 wall=5.0s fam=empty/directive-only pass=False text=''
[R2/P4] rep1 wall=119.0s fam=prose-wrapped pass=False text='I need to read the TOOLS.md file to find the default port for the Kimi server.'
[R2/P4] rep2 wall=6.0s fam=prose-wrapped pass=False text='I need to read the TOOLS.md file to find the default port for the Kimi server. L'
[R2/P4] rep3 wall=0.4s fam=exact pass=True text='18080'
[R2/P5] rep1 wall=87.1s fam=exact pass=True text="Now let me count the files with 'e5' in their names:"
[R2/P5] rep2 wall=5.0s fam=exact pass=True text="Now I'll count only the files that contain 'e5' in their names:"
[R2/P5] rep3 wall=5.2s fam=exact pass=True text="Now let me count the files that contain 'e5' in their names:"
[R2/P7] rep1 wall=75.5s fam=terse-wrong pass=False text='The current UTC date is 2026-09-04. COMPLETE'
[R2/P7] rep2 wall=1.9s fam=prose-wrapped pass=False text='The current UTC date is 2026-09-04, and this information has been recorded for r'
[R2/P7] rep3 wall=1.3s fam=terse-wrong pass=False text='The current UTC date is 2026-09-04 COMPLETE'
DONE: 21 rows -> /Users/pmains/Code/openclaw/kimi/benchmarks/results/service-step-09b-verify/ladder-summary.csv
