phase-07b baseline: 2026-08-27T19:47:25Z
caps: 4  reps: 3  mode: zerocopy  settle: 15s
prompt: benchmarks/prompts/phase-03-reasoning-pumps.md  n_tokens: 128  seed: 1  ctx: 4096
idle check at start:
12:47  up 14 days, 15 mins, 3 users, load averages: 3.08 2.97 2.46
 30.2 /System/Library/PrivateFrameworks/SkyLight.framework/Resources/WindowServer
 16.5 /Applications/Brave Browser.app/Contents/Frameworks/Brave Browser Framework.framework/Versions/151.1.93.136/Helpers/Brave Browser Helper.app/Contents/MacOS/Brave Browser Helper
  9.5 /usr/sbin/coreaudiod
  6.1 /Applications/Brave Browser.app/Contents/Frameworks/Brave Browser Framework.framework/Versions/151.1.93.136/Helpers/Brave Browser Helper (Renderer).app/Contents/MacOS/Brave Browser Helper (Renderer)
  4.3 /Applications/Brave Browser.app/Contents/Frameworks/Brave Browser Framework.framework/Versions/151.1.93.136/Helpers/Brave Browser Helper (Renderer).app/Contents/MacOS/Brave Browser Helper (Renderer)
== round 1 ==
  [run]  uncached-r1  12:47:25
  [done] uncached-r1  12:48:44
   cap order: 4
  [run]  cap-4-r1  12:48:59
  [done] cap-4-r1  12:50:09
== round 2 ==
  [run]  uncached-r2  12:50:24
  [done] uncached-r2  12:51:43
   cap order: 4
  [run]  cap-4-r2  12:51:58
  [done] cap-4-r2  12:53:08
== round 3 ==
  [run]  uncached-r3  12:53:23
  [done] uncached-r3  12:54:43
   cap order: 4
  [run]  cap-4-r3  12:54:58
  [done] cap-4-r3  12:56:11
baseline complete: benchmarks/results/phase-09a/ladder/reasoning
idle check at end:
12:56  up 14 days, 24 mins, 3 users, load averages: 2.46 3.03 2.79
