=== Phase 9G harness: config=coding-cap4 mode=positive brackets=10 n_tokens=128 seed=1787983806 ===
    A=workers=1 (frozen)  B=workers=4 (candidate)  cache=4096MiB
=== bracket 1/10 (order: A-before A-after B) ===
env snapshot -> benchmarks/results/phase-09g/session-1/positive/coding-cap4/env/b1-before.json
  running workers=1 cache=4096MiB -> benchmarks/results/phase-09g/session-1/positive/coding-cap4/b1-A-before
  running workers=1 cache=4096MiB -> benchmarks/results/phase-09g/session-1/positive/coding-cap4/b1-A-after
  running workers=4 cache=4096MiB -> benchmarks/results/phase-09g/session-1/positive/coding-cap4/b1-B
env snapshot -> benchmarks/results/phase-09g/session-1/positive/coding-cap4/env/b1-after.json
=== bracket 2/10 (order: A-after B A-before) ===
env snapshot -> benchmarks/results/phase-09g/session-1/positive/coding-cap4/env/b2-before.json
  running workers=1 cache=4096MiB -> benchmarks/results/phase-09g/session-1/positive/coding-cap4/b2-A-after
  running workers=4 cache=4096MiB -> benchmarks/results/phase-09g/session-1/positive/coding-cap4/b2-B
  running workers=1 cache=4096MiB -> benchmarks/results/phase-09g/session-1/positive/coding-cap4/b2-A-before
env snapshot -> benchmarks/results/phase-09g/session-1/positive/coding-cap4/env/b2-after.json
=== bracket 3/10 (order: A-before A-after B) ===
env snapshot -> benchmarks/results/phase-09g/session-1/positive/coding-cap4/env/b3-before.json
  running workers=1 cache=4096MiB -> benchmarks/results/phase-09g/session-1/positive/coding-cap4/b3-A-before
  running workers=1 cache=4096MiB -> benchmarks/results/phase-09g/session-1/positive/coding-cap4/b3-A-after
  running workers=4 cache=4096MiB -> benchmarks/results/phase-09g/session-1/positive/coding-cap4/b3-B
env snapshot -> benchmarks/results/phase-09g/session-1/positive/coding-cap4/env/b3-after.json
=== bracket 4/10 (order: B A-before A-after) ===
env snapshot -> benchmarks/results/phase-09g/session-1/positive/coding-cap4/env/b4-before.json
  running workers=4 cache=4096MiB -> benchmarks/results/phase-09g/session-1/positive/coding-cap4/b4-B
  running workers=1 cache=4096MiB -> benchmarks/results/phase-09g/session-1/positive/coding-cap4/b4-A-before
  running workers=1 cache=4096MiB -> benchmarks/results/phase-09g/session-1/positive/coding-cap4/b4-A-after
env snapshot -> benchmarks/results/phase-09g/session-1/positive/coding-cap4/env/b4-after.json
=== bracket 5/10 (order: A-after B A-before) ===
env snapshot -> benchmarks/results/phase-09g/session-1/positive/coding-cap4/env/b5-before.json
  running workers=1 cache=4096MiB -> benchmarks/results/phase-09g/session-1/positive/coding-cap4/b5-A-after
  running workers=4 cache=4096MiB -> benchmarks/results/phase-09g/session-1/positive/coding-cap4/b5-B
  running workers=1 cache=4096MiB -> benchmarks/results/phase-09g/session-1/positive/coding-cap4/b5-A-before
env snapshot -> benchmarks/results/phase-09g/session-1/positive/coding-cap4/env/b5-after.json
=== bracket 6/10 (order: A-after B A-before) ===
env snapshot -> benchmarks/results/phase-09g/session-1/positive/coding-cap4/env/b6-before.json
  running workers=1 cache=4096MiB -> benchmarks/results/phase-09g/session-1/positive/coding-cap4/b6-A-after
  running workers=4 cache=4096MiB -> benchmarks/results/phase-09g/session-1/positive/coding-cap4/b6-B
  running workers=1 cache=4096MiB -> benchmarks/results/phase-09g/session-1/positive/coding-cap4/b6-A-before
env snapshot -> benchmarks/results/phase-09g/session-1/positive/coding-cap4/env/b6-after.json
=== bracket 7/10 (order: A-before A-after B) ===
env snapshot -> benchmarks/results/phase-09g/session-1/positive/coding-cap4/env/b7-before.json
  running workers=1 cache=4096MiB -> benchmarks/results/phase-09g/session-1/positive/coding-cap4/b7-A-before
  running workers=1 cache=4096MiB -> benchmarks/results/phase-09g/session-1/positive/coding-cap4/b7-A-after
  running workers=4 cache=4096MiB -> benchmarks/results/phase-09g/session-1/positive/coding-cap4/b7-B
env snapshot -> benchmarks/results/phase-09g/session-1/positive/coding-cap4/env/b7-after.json
=== bracket 8/10 (order: B A-before A-after) ===
env snapshot -> benchmarks/results/phase-09g/session-1/positive/coding-cap4/env/b8-before.json
  running workers=4 cache=4096MiB -> benchmarks/results/phase-09g/session-1/positive/coding-cap4/b8-B
  running workers=1 cache=4096MiB -> benchmarks/results/phase-09g/session-1/positive/coding-cap4/b8-A-before
  running workers=1 cache=4096MiB -> benchmarks/results/phase-09g/session-1/positive/coding-cap4/b8-A-after
env snapshot -> benchmarks/results/phase-09g/session-1/positive/coding-cap4/env/b8-after.json
=== bracket 9/10 (order: A-before B A-after) ===
env snapshot -> benchmarks/results/phase-09g/session-1/positive/coding-cap4/env/b9-before.json
  running workers=1 cache=4096MiB -> benchmarks/results/phase-09g/session-1/positive/coding-cap4/b9-A-before
  running workers=4 cache=4096MiB -> benchmarks/results/phase-09g/session-1/positive/coding-cap4/b9-B
  running workers=1 cache=4096MiB -> benchmarks/results/phase-09g/session-1/positive/coding-cap4/b9-A-after
env snapshot -> benchmarks/results/phase-09g/session-1/positive/coding-cap4/env/b9-after.json
=== bracket 10/10 (order: A-before A-after B) ===
env snapshot -> benchmarks/results/phase-09g/session-1/positive/coding-cap4/env/b10-before.json
  running workers=1 cache=4096MiB -> benchmarks/results/phase-09g/session-1/positive/coding-cap4/b10-A-before
  running workers=1 cache=4096MiB -> benchmarks/results/phase-09g/session-1/positive/coding-cap4/b10-A-after
  running workers=4 cache=4096MiB -> benchmarks/results/phase-09g/session-1/positive/coding-cap4/b10-B
env snapshot -> benchmarks/results/phase-09g/session-1/positive/coding-cap4/env/b10-after.json
harness complete: benchmarks/results/phase-09g/session-1/positive/coding-cap4
analyze with: python3 tools/phase09g_analyze.py benchmarks/results/phase-09g/session-1/positive
=== Phase 9G harness analysis: coding-cap4 (A=w1 frozen, B=w4 (B=w4)) ===
    bracket order: ['last', 'middle', 'last', 'first', 'middle', 'middle', 'last', 'first', 'middle', 'last'] (recorded seed 1787983806)
bracket | A_before |        B |  A_after |    S_i | A spread
      1 |    5.295 |    6.367 |    5.205 |  1.213 |    1.71%
      2 |    5.345 |    6.693 |    4.922 |  1.304 |    8.23%
      3 |    5.164 |    6.200 |    5.245 |  1.191 |    1.55%
      4 |    5.103 |    5.997 |    5.292 |  1.154 |    3.65%
      5 |    5.053 |    6.332 |    5.637 |  1.185 |   10.93%
      6 |    5.276 |    6.316 |    5.004 |  1.229 |    5.31%
      7 |    4.955 |    6.770 |    5.241 |  1.328 |    5.62%
      8 |    5.289 |    6.388 |    5.158 |  1.223 |    2.50%
      9 |    5.309 |    6.124 |    5.106 |  1.176 |    3.90%
     10 |    4.739 |    6.586 |    5.426 |  1.296 |   13.52%

paired speedup: median 1.218  95% CI [1.184, 1.296]
S by candidate position: first=1.188 (n=2); middle=1.207 (n=4); last=1.254 (n=4)
A-bracket spread: CV 3.8%  |  A mean 5.188 tok/s

--- checks ---
  [PASS] bracket execution: 10 brackets x 3 runs complete
  [PASS] manifest worker counts: A=1 B=4 (mode=positive); bad: none
  [PASS] recorded bracket order matches execution order: all brackets match
  [PASS] paired speedup computed: median S=1.218, per-bracket [1.213, 1.304, 1.191, 1.154, 1.185, 1.229, 1.328, 1.223, 1.176, 1.296]
  [PASS] moe md5 == frozen baseline: baseline=da45ab777b0fdd99be62f6c46a642e5c; bad: none
  [PASS] retr byte-identity across all runs: identical
  [PASS] retr present everywhere: all present
  [PASS] phase07 per-step invariants: 30/30 PASS; bad: none
  [PASS] run.log clean: no error/assert/abort markers
  [PASS] raw artifacts retained: all artifacts in all 30 runs
  [PASS] env covariates captured: 20 snapshots (10 brackets x before/after)
  [PASS] env covariates parseable: 20 snapshots summarized
  [PASS] no position bias (A_before vs A_after): mean delta +1.60% rel, sign test p=1.246
  [PASS] no warmup artifact (first bracket vs rest): first 5.250 vs rest 5.181 tok/s (+1.3% rel)
  [PASS] no strong drift across brackets: slope -0.0085 tok/s per bracket (-0.16% rel/bracket)

overall: HARNESS PASS
wrote benchmarks/results/phase-09g/session-1/positive/phase-09g-summary.json
